# serializer version: 1
# name: test_write_terse
  '''
  set,name,collector_number,scryfall_id,nonfoil,foil
  PHOP,Stairs to Infinity,P1,57f25ead-b3ec-4c40-972d-d750ed2f5319,3,
  
  '''
# ---
# name: test_write_verbose
  '''
  set,name,collector_number,scryfall_id,nonfoil,foil
  PHOP,Stairs to Infinity,P1,57f25ead-b3ec-4c40-972d-d750ed2f5319,3,7
  PHOP,Tazeem,41,76e5383d-ac12-4abc-aa30-15e99ded2d6f,,
  PMBS,Hero of Bladehold,8â˜…,8829efa0-498a-43ca-91aa-f9caeeafe298,,
  PMBS,Black Sun's Zenith,39,dd88131a-2811-4a1f-bb9a-c82e12c1493b,,
  
  '''
# ---
